C51 COMPILER V7.01  NAVMETER                                                               01/03/2015 16:00:47 PAGE 1   


C51 COMPILER V7.01, COMPILATION OF MODULE NAVMETER
OBJECT MODULE PLACED IN navmeter.OBJ
COMPILER INVOKED BY: C:\GreenTools\Keil\C51\BIN\C51.EXE navmeter.c LARGE OPTIMIZE(SIZE) BROWSE DEBUG OBJECTEXTEND

stmt level    source

   1          #include "sjDefine.h"
   2          #include "typedef.h"
   3          #include "stdio.h"
   4          #include "stdlib.h"
   5          #include "sjSerial.h"
   6          
   7          static uchar navlen = 0;
   8          static double reading = -1000;
   9          static char navread[20];
  10          static char navread2[20];
  11          
  12          
  13          static uchar navcmd[12];                                                                  
  14          #define NAV_INVALID     -1000
  15          #define NAV_VALID       -2000
  16          #define RESETNAV       navlen = 0;   reading = NAV_INVALID;  
  17          
  18          
  19          
  20          
  21          void nav_command(uchar cmd)
  22          {
  23   1      //        if(cmd == NAV_30V)
  24   1      //               sprintf(navcmd,"%%01;12;02\r");
  25   1              if(cmd == NAV_1V)
  26   1                     sprintf(navcmd,"%%01;12;01\r");
  27   1              if(cmd == NAV_120MV)
  28   1                     sprintf(navcmd,"%%01;12;00\r");
  29   1              if(cmd == NAV_AFLTOFF)
  30   1                     sprintf(navcmd,"%%01;26\r");
  31   1              if(cmd == NAV_AFLTON)
  32   1                     sprintf(navcmd,"%%01;27\r");
  33   1              if(cmd == NAV_SLOWMODE)
  34   1                     sprintf(navcmd,"%%01;27\r");
  35   1              if(cmd == NAV_ZEROON)    
  36   1              {
  37   2                     sprintf(navcmd,"%%01;06\r");
  38   2              }
  39   1              if(cmd == NAV_INIT) 
  40   1              {           
  41   2                      RESETNAV;
  42   2                      sprintf(navcmd,"%%01;00\r");        
  43   2              }
  44   1              if(cmd == NAV_READ)
  45   1              {       
  46   2                      RESETNAV;
  47   2                      sprintf(navcmd,"%%01;01\r");
  48   2              }                       
  49   1      //                com1_putc('?');
  50   1              prints(navcmd,strlen(navcmd),PORT_NAV);
  51   1      }
  52          
  53          
  54          unsigned long navtime = 0;
  55          double nav_read()
C51 COMPILER V7.01  NAVMETER                                                               01/03/2015 16:00:47 PAGE 2   

  56          {                       
  57   1      //        if(DEBUG == 1)
  58   1      //                return 1.0; 
  59   1                      if(navtime == 0)
  60   1                      nav_command(NAV_READ);
  61   1                      navtime++;
  62   1              if(navtime++ > 65535)
  63   1                   navtime = 0;
  64   1       
  65   1              if(reading < NAV_INVALID) //make sure it is a valid reading
  66   1              {              
  67   2                  reading = atof(navread2);
  68   2                  return reading;
  69   2               }      
  70   1      //       sleepms(1);
  71   1                      while(io_hasc())
  72   1                      {
  73   2                              nav_uart_push(io_getc());
  74   2                      }
  75   1              return NAV_INVALID;
  76   1      }            
  77          //incoming data hander of navameter
  78          void nav_uart_push(uchar dat)
  79          {        
  80   1                      //sjSerialSendByte(dat);                    
  81   1              if(navlen >= 19)
  82   1              {                          
  83   2                      RESETNAV;
  84   2              }
  85   1              if(((dat >= '0') && (dat <= '9')) ||
  86   1                      (dat == '.') ||
  87   1                      (dat == '-') ||
  88   1                      (dat == '+') ||
  89   1                      (dat == 'e') ||
  90   1                      (dat == 'E') )
  91   1              {                    
  92   2                      navread[navlen++] = dat;
  93   2                      reading = NAV_INVALID;
  94   2                      return;
  95   2              }
  96   1                                              
  97   1              if(navlen < 4) //not enough digits
  98   1              {
  99   2                      RESETNAV;
 100   2                      return;
 101   2              }
 102   1              navread[navlen] = '\0';        
 103   1              do
 104   1              {
 105   2                      navread2[navlen] = navread[navlen];
 106   2              }while(navlen-- > 0);
 107   1              navlen = 0;         
 108   1              reading =  NAV_VALID; //valid data
 109   1      }               


MODULE INFORMATION:   STATIC OVERLAYABLE
   CODE SIZE        =    588    ----
   CONSTANT SIZE    =     69    ----
   XDATA SIZE       =     61       1
   PDATA SIZE       =   ----    ----
   DATA SIZE        =   ----    ----
C51 COMPILER V7.01  NAVMETER                                                               01/03/2015 16:00:47 PAGE 3   

   IDATA SIZE       =   ----    ----
   BIT SIZE         =   ----    ----
END OF MODULE INFORMATION.


C51 COMPILATION COMPLETE.  0 WARNING(S),  0 ERROR(S)
