C51 COMPILER V7.01  HAL_BASE                                                               04/27/2014 14:00:41 PAGE 1   


C51 COMPILER V7.01, COMPILATION OF MODULE HAL_BASE
OBJECT MODULE PLACED IN HAL_BASE.OBJ
COMPILER INVOKED BY: C:\GreenTools\Keil\C51\BIN\C51.EXE HAL_BASE.C LARGE OPTIMIZE(SIZE) BROWSE MODP2 DEBUG OBJECTEXTEND

stmt level    source

   1          /* CH374芯片 硬件抽象层 V1.0 */
   2          /* 提供基本子程序,提供中断查询子程序 */
   3          
   4          #include        "HAL.H"
   5          
   6          /* 延时指定微秒时间,根据单片机主频调整,不精确 */
   7          void    mDelayuS( UINT8 us )
   8          {
   9   1              while ( us -- );  // 24MHz MCS51
  10   1      }
  11          
  12          /* 延时指定毫秒时间 */
  13          void    mDelaymS( UINT8 ms )
  14          {
  15   1              while ( ms -- ) {
  16   2                      mDelayuS( 250 );
  17   2                      mDelayuS( 250 );
  18   2                      mDelayuS( 250 );
  19   2                      mDelayuS( 250 );
  20   2              }
  21   1      }
  22          
  23          // 查询CH374中断(INT#低电平)
  24          BOOL    Query374Interrupt( void )
  25          {
  26   1      #ifdef CH374_INT_WIRE
              //      return( CH374_INT_WIRE ? FALSE : TRUE );  /* 如果连接了CH374的中断引脚则直接查询中断引脚 */
              #else
  29   1              return( Read374Byte( REG_INTER_FLAG ) & BIT_IF_INTER_FLAG ? TRUE : FALSE );  /* 如果未连接CH374的中断引脚
             -则查询中断标志寄存器 */
  30   1      #endif
  31   1      }
  32          
  33          /* no use , because we don't use INT# PIN
  34           等待CH374中断(INT#低电平)，超时则返回ERR_USB_UNKNOWN
  35          UINT8   Wait374Interrupt( void )
  36          {
  37                  UINT16  i;
  38                  for ( i = 0; i < 10000; i ++ ) {  // 计数防止超时
  39                          if ( Query374Interrupt( ) ) return( 0 );
  40                  }
  41                  return( ERR_USB_UNKNOWN );  // 不应该发生的情况
  42          }
  43          */


MODULE INFORMATION:   STATIC OVERLAYABLE
   CODE SIZE        =     48    ----
   CONSTANT SIZE    =   ----    ----
   XDATA SIZE       =   ----    ----
   PDATA SIZE       =   ----    ----
   DATA SIZE        =   ----    ----
   IDATA SIZE       =   ----    ----
   BIT SIZE         =   ----    ----
END OF MODULE INFORMATION.

C51 COMPILER V7.01  HAL_BASE                                                               04/27/2014 14:00:41 PAGE 2   


C51 COMPILATION COMPLETE.  0 WARNING(S),  0 ERROR(S)
